// Jest Snapshot v1, https://goo.gl/fbAQLP

exports[`Testing of SendOperation function render websockets with send operations and client name 1`] = `
"/**
   * Sends a sendSubscribeMarket message over the WebSocket connection.
   * 
   * @param {Object} message - The message payload to send. Should match the schema defined in the AsyncAPI document.
   * @param {WebSocket} [socket] - The WebSocket connection to use. If not provided, the client's own connection will be used.
   * @throws {TypeError} If message cannot be stringified to JSON
   * @throws {Error} If WebSocket connection is not in OPEN state
   */
  static sendSubscribeMarket(message, socket) {
    try {
      socket.send(JSON.stringify(message));
    } catch (error) {
      console.error('Error sending sendSubscribeMarket message:', error);
    }
  }
  /**
   * Instance method version of sendSubscribeMarket that uses the client's own WebSocket connection.
   * @param {Object} message - The message payload to send
   * @throws {Error} If WebSocket connection is not established
   */
  sendSubscribeMarket(message){
    if(!this.websocket){
      throw new Error('WebSocket connection not established. Call connect() first.');
    }
    GeminiMarketDataWebsocketAPI.sendSubscribeMarket(message, this.websocket);
  }"
`;

exports[`Testing of SendOperation function render websockets without send operations and client name 1`] = `""`;
